*****************************************************************
      SolidWorks 公司 - IGES 处理器状态报告
*****************************************************************
=================================================================
总信息
=================================================================
发送系统产品 I.D.  : solo-whistle.SLDPRT
接收系统产品 I.D.  : solo-whistle.SLDPRT
文件名称                    : F:\ELMO\PRODUCTS\SOLO\DRAWING\SOLID-PARTS\solo-whistle.IGS
发送系统              : SolidWorks 2007
预处理器版本         : SolidWorks 2007
文件生成日期          : 080218.165528
模型生成日期         : 080218.165528
单位                        : MM
模型空间比例            : 1
作者                       : shlomo
组织                 : 


=================================================================
实体处理信息
=================================================================


=================================================================
IGES 文件的精度分析：
=================================================================
  有效位数的最普遍的数:              11
  有效位数的最大数:                     13
  有效位数的平均数:                 10.922
  与原点的最大距离:                          1825.13
  与原点的最小距离:                          54.3992
  有效位数的有效数:              12.9741


=================================================================
实体概要
=================================================================
-----------------------------------------------------------------
类型名称                                         记数转换
---- ----                                         ----- ---------
100  Arc                                           2924      2924
102  Composite curve                               6030      6030
110  Line                                         10468     10468
120  Surface of revolution                          631       631
124  Transformation matrix                         2104      2104
126  Rational B-spline curve                      12923     12923
128  Rational B-spline surface                     1921      1921
142  Curve on a parametric surface                 3015      3015
144  Trimmed parametric surface                    2552      2552
314  Color definition                              2547      2547
_________________________________________________________________


=================================================================
结果概要
=================================================================
SolidWorks 特征类型                记数
-----------------------                -----
实体特征                       12
曲面特征                     51
曲线/草图特征                0
--------------------------------------------
开始时间: 星期三, 十二月 25, 2013 08:47:36
结束时间: 星期三, 十二月 25, 2013 08:47:55
处理时间: 0 days, 00 hours, 00 mins, 19 secs
